// Jest Snapshot v1, https://goo.gl/fbAQLP

exports[`matches snapshot 1`] = `
<DocumentFragment>
  <div>
    <div>
      <form>
        <label
          for="bg"
        >
          Box Color
        </label>
        <input
          id="bg"
          name="backgroundColor"
          placeholder="color"
          type="text"
          value=""
        />
        <label
          for="width"
        >
          Width
        </label>
        <input
          id="width"
          name="width"
          placeholder="width"
          type="text"
          value=""
        />
        <label
          for="height"
        >
          Height
        </label>
        <input
          id="height"
          name="height"
          placeholder="height"
          type="text"
          value=""
        />
        <button>
          Submit
        </button>
      </form>
    </div>
  </div>
</DocumentFragment>
`;
